// Vitest Snapshot v1, https://vitest.dev/guide/snapshot.html

exports[`描画されてすぐはOFFと表示されている 1`] = `
<div>
  <button>
    OFF
  </button>
</div>
`;
